Archive member included to satisfy reference by file (symbol)

C:/ST/STM32CubeIDE_1.10.1/STM32CubeIDE/plugins/com.st.stm32cube.ide.mcu.externaltools.gnu-tools-for-stm32.11.3.rel1.win32_1.1.0.202305231506/tools/bin/../lib/gcc/arm-none-eabi/11.3.1/../../../../arm-none-eabi/lib/thumb/v7e-m/nofp\libc_nano.a(libc_a-exit.o)
                              C:/ST/STM32CubeIDE_1.10.1/STM32CubeIDE/plugins/com.st.stm32cube.ide.mcu.externaltools.gnu-tools-for-stm32.11.3.rel1.win32_1.1.0.202305231506/tools/bin/../lib/gcc/arm-none-eabi/11.3.1/../../../../arm-none-eabi/lib/thumb/v7e-m/nofp/crt0.o (exit)
C:/ST/STM32CubeIDE_1.10.1/STM32CubeIDE/plugins/com.st.stm32cube.ide.mcu.externaltools.gnu-tools-for-stm32.11.3.rel1.win32_1.1.0.202305231506/tools/bin/../lib/gcc/arm-none-eabi/11.3.1/../../../../arm-none-eabi/lib/thumb/v7e-m/nofp\libc_nano.a(libc_a-findfp.o)
                              C:/ST/STM32CubeIDE_1.10.1/STM32CubeIDE/plugins/com.st.stm32cube.ide.mcu.externaltools.gnu-tools-for-stm32.11.3.rel1.win32_1.1.0.202305231506/tools/bin/../lib/gcc/arm-none-eabi/11.3.1/../../../../arm-none-eabi/lib/thumb/v7e-m/nofp\libc_nano.a(libc_a-exit.o) (__stdio_exit_handler)
C:/ST/STM32CubeIDE_1.10.1/STM32CubeIDE/plugins/com.st.stm32cube.ide.mcu.externaltools.gnu-tools-for-stm32.11.3.rel1.win32_1.1.0.202305231506/tools/bin/../lib/gcc/arm-none-eabi/11.3.1/../../../../arm-none-eabi/lib/thumb/v7e-m/nofp\libc_nano.a(libc_a-fwalk.o)
                              C:/ST/STM32CubeIDE_1.10.1/STM32CubeIDE/plugins/com.st.stm32cube.ide.mcu.externaltools.gnu-tools-for-stm32.11.3.rel1.win32_1.1.0.202305231506/tools/bin/../lib/gcc/arm-none-eabi/11.3.1/../../../../arm-none-eabi/lib/thumb/v7e-m/nofp\libc_nano.a(libc_a-findfp.o) (_fwalk_sglue)
C:/ST/STM32CubeIDE_1.10.1/STM32CubeIDE/plugins/com.st.stm32cube.ide.mcu.externaltools.gnu-tools-for-stm32.11.3.rel1.win32_1.1.0.202305231506/tools/bin/../lib/gcc/arm-none-eabi/11.3.1/../../../../arm-none-eabi/lib/thumb/v7e-m/nofp\libc_nano.a(libc_a-stdio.o)
                              C:/ST/STM32CubeIDE_1.10.1/STM32CubeIDE/plugins/com.st.stm32cube.ide.mcu.externaltools.gnu-tools-for-stm32.11.3.rel1.win32_1.1.0.202305231506/tools/bin/../lib/gcc/arm-none-eabi/11.3.1/../../../../arm-none-eabi/lib/thumb/v7e-m/nofp\libc_nano.a(libc_a-findfp.o) (__sread)
C:/ST/STM32CubeIDE_1.10.1/STM32CubeIDE/plugins/com.st.stm32cube.ide.mcu.externaltools.gnu-tools-for-stm32.11.3.rel1.win32_1.1.0.202305231506/tools/bin/../lib/gcc/arm-none-eabi/11.3.1/../../../../arm-none-eabi/lib/thumb/v7e-m/nofp\libc_nano.a(libc_a-memset.o)
                              C:/ST/STM32CubeIDE_1.10.1/STM32CubeIDE/plugins/com.st.stm32cube.ide.mcu.externaltools.gnu-tools-for-stm32.11.3.rel1.win32_1.1.0.202305231506/tools/bin/../lib/gcc/arm-none-eabi/11.3.1/../../../../arm-none-eabi/lib/thumb/v7e-m/nofp/crt0.o (memset)
C:/ST/STM32CubeIDE_1.10.1/STM32CubeIDE/plugins/com.st.stm32cube.ide.mcu.externaltools.gnu-tools-for-stm32.11.3.rel1.win32_1.1.0.202305231506/tools/bin/../lib/gcc/arm-none-eabi/11.3.1/../../../../arm-none-eabi/lib/thumb/v7e-m/nofp\libc_nano.a(libc_a-closer.o)
                              C:/ST/STM32CubeIDE_1.10.1/STM32CubeIDE/plugins/com.st.stm32cube.ide.mcu.externaltools.gnu-tools-for-stm32.11.3.rel1.win32_1.1.0.202305231506/tools/bin/../lib/gcc/arm-none-eabi/11.3.1/../../../../arm-none-eabi/lib/thumb/v7e-m/nofp\libc_nano.a(libc_a-stdio.o) (_close_r)
C:/ST/STM32CubeIDE_1.10.1/STM32CubeIDE/plugins/com.st.stm32cube.ide.mcu.externaltools.gnu-tools-for-stm32.11.3.rel1.win32_1.1.0.202305231506/tools/bin/../lib/gcc/arm-none-eabi/11.3.1/../../../../arm-none-eabi/lib/thumb/v7e-m/nofp\libc_nano.a(libc_a-reent.o)
                              C:/ST/STM32CubeIDE_1.10.1/STM32CubeIDE/plugins/com.st.stm32cube.ide.mcu.externaltools.gnu-tools-for-stm32.11.3.rel1.win32_1.1.0.202305231506/tools/bin/../lib/gcc/arm-none-eabi/11.3.1/../../../../arm-none-eabi/lib/thumb/v7e-m/nofp\libc_nano.a(libc_a-closer.o) (errno)
C:/ST/STM32CubeIDE_1.10.1/STM32CubeIDE/plugins/com.st.stm32cube.ide.mcu.externaltools.gnu-tools-for-stm32.11.3.rel1.win32_1.1.0.202305231506/tools/bin/../lib/gcc/arm-none-eabi/11.3.1/../../../../arm-none-eabi/lib/thumb/v7e-m/nofp\libc_nano.a(libc_a-impure.o)
                              C:/ST/STM32CubeIDE_1.10.1/STM32CubeIDE/plugins/com.st.stm32cube.ide.mcu.externaltools.gnu-tools-for-stm32.11.3.rel1.win32_1.1.0.202305231506/tools/bin/../lib/gcc/arm-none-eabi/11.3.1/../../../../arm-none-eabi/lib/thumb/v7e-m/nofp\libc_nano.a(libc_a-reent.o) (_impure_ptr)
C:/ST/STM32CubeIDE_1.10.1/STM32CubeIDE/plugins/com.st.stm32cube.ide.mcu.externaltools.gnu-tools-for-stm32.11.3.rel1.win32_1.1.0.202305231506/tools/bin/../lib/gcc/arm-none-eabi/11.3.1/../../../../arm-none-eabi/lib/thumb/v7e-m/nofp\libc_nano.a(libc_a-lseekr.o)
[...]
Memory Configuration

Name             Origin             Length             Attributes
RAM              0x0000000020000000 0x0000000000080000 xrw
FLASH            0x0000000008000000 0x0000000000200000 xr
*default*        0x0000000000000000 0xffffffffffffffff

Linker script and memory map

LOAD C:/ST/STM32CubeIDE_1.10.1/STM32CubeIDE/plugins/com.st.stm32cube.ide.mcu.externaltools.gnu-tools-for-stm32.11.3.rel1.win32_1.1.0.202305231506/tools/bin/../lib/gcc/arm-none-eabi/11.3.1/thumb/v7e-m/nofp/crti.o
LOAD C:/ST/STM32CubeIDE_1.10.1/STM32CubeIDE/plugins/com.st.stm32cube.ide.mcu.externaltools.gnu-tools-for-stm32.11.3.rel1.win32_1.1.0.202305231506/tools/bin/../lib/gcc/arm-none-eabi/11.3.1/thumb/v7e-m/nofp/crtbegin.o
LOAD C:/ST/STM32CubeIDE_1.10.1/STM32CubeIDE/plugins/com.st.stm32cube.ide.mcu.externaltools.gnu-tools-for-stm32.11.3.rel1.win32_1.1.0.202305231506/tools/bin/../lib/gcc/arm-none-eabi/11.3.1/../../../../arm-none-eabi/lib/thumb/v7e-m/nofp/crt0.o
LOAD ./Src/006spi_tx_testing.o
LOAD ./Src/syscalls.o
LOAD ./Src/sysmem.o
LOAD ./Startup/startup_stm32f767zitx.o
LOAD ./drivers/Src/STM32F767ZI_gpio_driver.o
LOAD ./drivers/Src/STM32F767ZI_spi_driver.o
START GROUP
LOAD C:/ST/STM32CubeIDE_1.10.1/STM32CubeIDE/plugins/com.st.stm32cube.ide.mcu.externaltools.gnu-tools-for-stm32.11.3.rel1.win32_1.1.0.202305231506/tools/bin/../lib/gcc/arm-none-eabi/11.3.1/../../../../arm-none-eabi/lib/thumb/v7e-m/nofp\libc_nano.a
LOAD C:/ST/STM32CubeIDE_1.10.1/STM32CubeIDE/plugins/com.st.stm32cube.ide.mcu.externaltools.gnu-tools-for-stm32.11.3.rel1.win32_1.1.0.202305231506/tools/bin/../lib/gcc/arm-none-eabi/11.3.1/../../../../arm-none-eabi/lib/thumb/v7e-m/nofp\libm.a
END GROUP
START GROUP
LOAD C:/ST/STM32CubeIDE_1.10.1/STM32CubeIDE/plugins/com.st.stm32cube.ide.mcu.externaltools.gnu-tools-for-stm32.11.3.rel1.win32_1.1.0.202305231506/tools/bin/../lib/gcc/arm-none-eabi/11.3.1/thumb/v7e-m/nofp\libgcc.a
LOAD C:/ST/STM32CubeIDE_1.10.1/STM32CubeIDE/plugins/com.st.stm32cube.ide.mcu.externaltools.gnu-tools-for-stm32.11.3.rel1.win32_1.1.0.202305231506/tools/bin/../lib/gcc/arm-none-eabi/11.3.1/../../../../arm-none-eabi/lib/thumb/v7e-m/nofp\libc_nano.a
END GROUP
START GROUP
LOAD C:/ST/STM32CubeIDE_1.10.1/STM32CubeIDE/plugins/com.st.stm32cube.ide.mcu.externaltools.gnu-tools-for-stm32.11.3.rel1.win32_1.1.0.202305231506/tools/bin/../lib/gcc/arm-none-eabi/11.3.1/thumb/v7e-m/nofp\libgcc.a
LOAD C:/ST/STM32CubeIDE_1.10.1/STM32CubeIDE/plugins/com.st.stm32cube.ide.mcu.externaltools.gnu-tools-for-stm32.11.3.rel1.win32_1.1.0.202305231506/tools/bin/../lib/gcc/arm-none-eabi/11.3.1/../../../../arm-none-eabi/lib/thumb/v7e-m/nofp\libc_nano.a
LOAD C:/ST/STM32CubeIDE_1.10.1/STM32CubeIDE/plugins/com.st.stm32cube.ide.mcu.externaltools.gnu-tools-for-stm32.11.3.rel1.win32_1.1.0.202305231506/tools/bin/../lib/gcc/arm-none-eabi/11.3.1/../../../../arm-none-eabi/lib/thumb/v7e-m/nofp\libnosys.a
END GROUP
START GROUP
LOAD C:/ST/STM32CubeIDE_1.10.1/STM32CubeIDE/plugins/com.st.stm32cube.ide.mcu.externaltools.gnu-tools-for-stm32.11.3.rel1.win32_1.1.0.202305231506/tools/bin/../lib/gcc/arm-none-eabi/11.3.1/thumb/v7e-m/nofp\libgcc.a
LOAD C:/ST/STM32CubeIDE_1.10.1/STM32CubeIDE/plugins/com.st.stm32cube.ide.mcu.externaltools.gnu-tools-for-stm32.11.3.rel1.win32_1.1.0.202305231506/tools/bin/../lib/gcc/arm-none-eabi/11.3.1/../../../../arm-none-eabi/lib/thumb/v7e-m/nofp\libc_nano.a
LOAD C:/ST/STM32CubeIDE_1.10.1/STM32CubeIDE/plugins/com.st.stm32cube.ide.mcu.externaltools.gnu-tools-for-stm32.11.3.rel1.win32_1.1.0.202305231506/tools/bin/../lib/gcc/arm-none-eabi/11.3.1/../../../../arm-none-eabi/lib/thumb/v7e-m/nofp\libnosys.a
END GROUP
LOAD C:/ST/STM32CubeIDE_1.10.1/STM32CubeIDE/plugins/com.st.stm32cube.ide.mcu.externaltools.gnu-tools-for-stm32.11.3.rel1.win32_1.1.0.202305231506/tools/bin/../lib/gcc/arm-none-eabi/11.3.1/thumb/v7e-m/nofp/crtend.o
LOAD C:/ST/STM32CubeIDE_1.10.1/STM32CubeIDE/plugins/com.st.stm32cube.ide.mcu.externaltools.gnu-tools-for-stm32.11.3.rel1.win32_1.1.0.202305231506/tools/bin/../lib/gcc/arm-none-eabi/11.3.1/thumb/v7e-m/nofp/crtn.o
                0x0000000020080000                _estack = (ORIGIN (RAM) + LENGTH (RAM))
                0x0000000000000200                _Min_Heap_Size = 0x200
                0x0000000000000400                _Min_Stack_Size = 0x400

.isr_vector     0x0000000008000000      0x1f8
                0x0000000008000000                . = ALIGN (0x4)
 *(.isr_vector)
 .isr_vector    0x0000000008000000      0x1f8 ./Startup/startup_stm32f767zitx.o
                0x0000000008000000                g_pfnVectors
                0x00000000080001f8                . = ALIGN (0x4)

.text           0x00000000080001f8      0xa04
                0x00000000080001f8                . = ALIGN (0x4)
 *(.text)
 .text          0x00000000080001f8       0x40 C:/ST/STM32CubeIDE_1.10.1/STM32CubeIDE/plugins/com.st.stm32cube.ide.mcu.externaltools.gnu-tools-for-stm32.11.3.rel1.win32_1.1.0.202305231506/tools/bin/../lib/gcc/arm-none-eabi/11.3.1/thumb/v7e-m/nofp/crtbegin.o
 .text          0x0000000008000238       0x10 C:/ST/STM32CubeIDE_1.10.1/STM32CubeIDE/plugins/com.st.stm32cube.ide.mcu.externaltools.gnu-tools-for-stm32.11.3.rel1.win32_1.1.0.202305231506/tools/bin/../lib/gcc/arm-none-eabi/11.3.1/../../../../arm-none-eabi/lib/thumb/v7e-m/nofp\libc_nano.a(libc_a-strlen.o)
                0x0000000008000238                strlen
 *(.text*)
 .text.SPI2_GPIOInits
                0x0000000008000248       0x44 ./Src/006spi_tx_testing.o
                0x0000000008000248                SPI2_GPIOInits
 .text.SPI2_Inits
                0x000000000800028c       0x3c ./Src/006spi_tx_testing.o
                0x000000000800028c                SPI2_Inits
 .text.main     0x00000000080002c8       0x40 ./Src/006spi_tx_testing.o
                0x00000000080002c8                main
 .text.Reset_Handler
                0x0000000008000308       0x50 ./Startup/startup_stm32f767zitx.o
                0x0000000008000308                Reset_Handler
 .text.Default_Handler
                0x0000000008000358        0x2 ./Startup/startup_stm32f767zitx.o
                0x0000000008000358                HASH_RNG_IRQHandler
                0x0000000008000358                EXTI2_IRQHandler
                0x0000000008000358                TIM8_CC_IRQHandler
                0x0000000008000358                DebugMon_Handler
                0x0000000008000358                UART8_IRQHandler
                0x0000000008000358                LP_Timer1_IRQHandler
                0x0000000008000358                SPI4_IRQHandler
                0x0000000008000358                TIM1_CC_IRQHandler
                0x0000000008000358                QuadSPI_IRQHandler
                0x0000000008000358                DMA2_Stream5_IRQHandler
                0x0000000008000358                HardFault_Handler
                0x0000000008000358                JPEG_IRQHandler
                0x0000000008000358                DSIHOST_IRQHandler
                0x0000000008000358                DMA1_Stream5_IRQHandler
                0x0000000008000358                SysTick_Handler
                0x0000000008000358                CAN3_RX1_IRQHandler
                0x0000000008000358                PVD_IRQHandler
                0x0000000008000358                TAMP_STAMP_IRQHandler
                0x0000000008000358                PendSV_Handler
                0x0000000008000358                NMI_Handler
                0x0000000008000358                CAN2_RX1_IRQHandler
                0x0000000008000358                EXTI3_IRQHandler
                0x0000000008000358                TIM8_TRG_COM_TIM14_IRQHandler
                0x0000000008000358                DFSDM1_FLT1_IRQHandler
                0x0000000008000358                TIM1_UP_TIM10_IRQHandler
                0x0000000008000358                TIM8_UP_TIM13_IRQHandler
                0x0000000008000358                I2C3_ER_IRQHandler
                0x0000000008000358                DFSDM1_FLT2_IRQHandler
                0x0000000008000358                LCD_TFT_IRQHandler
                0x0000000008000358                EXTI0_IRQHandler
                0x0000000008000358                I2C2_EV_IRQHandler
                0x0000000008000358                DMA1_Stream2_IRQHandler
                0x0000000008000358                CAN1_RX0_IRQHandler
                0x0000000008000358                OTG_HS_WKUP_IRQHandler
                0x0000000008000358                CAN3_SCE_IRQHandler
                0x0000000008000358                UsageFault_Handler
                0x0000000008000358                CAN2_SCE_IRQHandler
                0x0000000008000358                DMA2_Stream2_IRQHandler
                0x0000000008000358                SPI1_IRQHandler
                0x0000000008000358                TIM6_DAC_IRQHandler
                0x0000000008000358                TIM1_BRK_TIM9_IRQHandler
                0x0000000008000358                DCMI_IRQHandler
                0x0000000008000358                CAN2_RX0_IRQHandler
                0x0000000008000358                DMA2_Stream3_IRQHandler
                0x0000000008000358                RTC_ALARM_IRQHandler
                0x0000000008000358                SAI2_IRQHandler
                0x0000000008000358                DFSDM1_FLT3_IRQHandler
                0x0000000008000358                USART6_IRQHandler
                0x0000000008000358                CAN3_RX0_IRQHandler
                0x0000000008000358                USART3_IRQHandler
                0x0000000008000358                CRYP_IRQHandler
                0x0000000008000358                CAN1_RX1_IRQHandler
                0x0000000008000358                UART5_IRQHandler
                0x0000000008000358                DMA2_Stream0_IRQHandler
                0x0000000008000358                TIM4_IRQHandler
                0x0000000008000358                I2C1_EV_IRQHandler
                0x0000000008000358                DMA1_Stream6_IRQHandler
                0x0000000008000358                DMA1_Stream1_IRQHandler
                0x0000000008000358                UART4_IRQHandler
                0x0000000008000358                LCD_TFT_1_IRQHandler
                0x0000000008000358                TIM3_IRQHandler
                0x0000000008000358                RCC_IRQHandler
                0x0000000008000358                TIM8_BRK_TIM12_IRQHandler
                0x0000000008000358                Default_Handler
                0x0000000008000358                EXTI15_10_IRQHandler
                0x0000000008000358                ADC_IRQHandler
                0x0000000008000358                DMA1_Stream7_IRQHandler
                0x0000000008000358                SPI5_IRQHandler
                0x0000000008000358                TIM7_IRQHandler
                0x0000000008000358                SDMMC1_IRQHandler
                0x0000000008000358                CAN2_TX_IRQHandler
                0x0000000008000358                TIM5_IRQHandler
                0x0000000008000358                DMA2_Stream7_IRQHandler
                0x0000000008000358                I2C3_EV_IRQHandler
                0x0000000008000358                EXTI9_5_IRQHandler
                0x0000000008000358                RTC_WKUP_IRQHandler
                0x0000000008000358                ETH_WKUP_IRQHandler
                0x0000000008000358                SPI2_IRQHandler
                0x0000000008000358                OTG_HS_EP1_IN_IRQHandler
                0x0000000008000358                MemManage_Handler
                0x0000000008000358                DMA1_Stream0_IRQHandler
                0x0000000008000358                CAN1_TX_IRQHandler
                0x0000000008000358                SVC_Handler
                0x0000000008000358                EXTI4_IRQHandler
                0x0000000008000358                ETH_IRQHandler
                0x0000000008000358                OTG_HS_EP1_OUT_IRQHandler
                0x0000000008000358                WWDG_IRQHandler
                0x0000000008000358                SPI6_IRQHandler
                0x0000000008000358                MDIOS_IRQHandler
                0x0000000008000358                I2C4_EV_IRQHandler
                0x0000000008000358                CAN3_TX_IRQHandler
                0x0000000008000358                TIM2_IRQHandler
                0x0000000008000358                OTG_FS_WKUP_IRQHandler
                0x0000000008000358                TIM1_TRG_COM_TIM11_IRQHandler
                0x0000000008000358                OTG_HS_IRQHandler
                0x0000000008000358                DMA2D_IRQHandler
                0x0000000008000358                EXTI1_IRQHandler
                0x0000000008000358                SDMMC2_IRQHandler
                0x0000000008000358                UART7_IRQHandler
                0x0000000008000358                USART2_IRQHandler
                0x0000000008000358                DFSDM1_FLT0_IRQHandler
                0x0000000008000358                I2C2_ER_IRQHandler
                0x0000000008000358                SPDIFRX_IRQHandler
                0x0000000008000358                DMA2_Stream1_IRQHandler
                0x0000000008000358                CAN1_SCE_IRQHandler
                0x0000000008000358                FLASH_IRQHandler
                0x0000000008000358                DMA2_Stream4_IRQHandler
                0x0000000008000358                BusFault_Handler
                0x0000000008000358                USART1_IRQHandler
                0x0000000008000358                OTG_FS_IRQHandler
                0x0000000008000358                SPI3_IRQHandler
                0x0000000008000358                DMA1_Stream4_IRQHandler
                0x0000000008000358                I2C1_ER_IRQHandler
                0x0000000008000358                FMC_IRQHandler
                0x0000000008000358                I2C4_ER_IRQHandler
                0x0000000008000358                DMA2_Stream6_IRQHandler
                0x0000000008000358                SAI1_IRQHandler
                0x0000000008000358                DMA1_Stream3_IRQHandler
 *fill*         0x000000000800035a        0x2 
 .text.GPIO_PeriClockControl
                0x000000000800035c      0x230 ./drivers/Src/STM32F767ZI_gpio_driver.o
                0x000000000800035c                GPIO_PeriClockControl
 .text.GPIO_Init
                0x000000000800058c      0x364 ./drivers/Src/STM32F767ZI_gpio_driver.o
                0x000000000800058c                GPIO_Init
 .text.SPI_PeriClockControl
                0x00000000080008f0      0x140 ./drivers/Src/STM32F767ZI_spi_driver.o
                0x00000000080008f0                SPI_PeriClockControl
 .text.SPI_Init
                0x0000000008000a30       0xa8 ./drivers/Src/STM32F767ZI_spi_driver.o
                0x0000000008000a30                SPI_Init
 .text.SPI_GetFlagStatus
                0x0000000008000ad8       0x26 ./drivers/Src/STM32F767ZI_spi_driver.o
                0x0000000008000ad8                SPI_GetFlagStatus
 .text.SPI_SendData
                0x0000000008000afe       0x68 ./drivers/Src/STM32F767ZI_spi_driver.o
                0x0000000008000afe                SPI_SendData
 .text.SPI_PeripheralControl
                0x0000000008000b66       0x36 ./drivers/Src/STM32F767ZI_spi_driver.o
                0x0000000008000b66                SPI_PeripheralControl
 .text.__libc_init_array
                0x0000000008000b9c       0x48 C:/ST/STM32CubeIDE_1.10.1/STM32CubeIDE/plugins/com.st.stm32cube.ide.mcu.externaltools.gnu-tools-for-stm32.11.3.rel1.win32_1.1.0.202305231506/tools/bin/../lib/gcc/arm-none-eabi/11.3.1/../../../../arm-none-eabi/lib/thumb/v7e-m/nofp\libc_nano.a(libc_a-init.o)
                0x0000000008000b9c                __libc_init_array
 *(.glue_7)
 .glue_7        0x0000000008000be4        0x0 linker stubs
 *(.glue_7t)
 .glue_7t       0x0000000008000be4        0x0 linker stubs
 *(.eh_frame)
 .eh_frame      0x0000000008000be4        0x0 C:/ST/STM32CubeIDE_1.10.1/STM32CubeIDE/plugins/com.st.stm32cube.ide.mcu.externaltools.gnu-tools-for-stm32.11.3.rel1.win32_1.1.0.202305231506/tools/bin/../lib/gcc/arm-none-eabi/11.3.1/thumb/v7e-m/nofp/crtbegin.o
 *(.init)
 .init          0x0000000008000be4        0x4 C:/ST/STM32CubeIDE_1.10.1/STM32CubeIDE/plugins/com.st.stm32cube.ide.mcu.externaltools.gnu-tools-for-stm32.11.3.rel1.win32_1.1.0.202305231506/tools/bin/../lib/gcc/arm-none-eabi/11.3.1/thumb/v7e-m/nofp/crti.o
                0x0000000008000be4                _init
 .init          0x0000000008000be8        0x8 C:/ST/STM32CubeIDE_1.10.1/STM32CubeIDE/plugins/com.st.stm32cube.ide.mcu.externaltools.gnu-tools-for-stm32.11.3.rel1.win32_1.1.0.202305231506/tools/bin/../lib/gcc/arm-none-eabi/11.3.1/thumb/v7e-m/nofp/crtn.o
 *(.fini)
 .fini          0x0000000008000bf0        0x4 C:/ST/STM32CubeIDE_1.10.1/STM32CubeIDE/plugins/com.st.stm32cube.ide.mcu.externaltools.gnu-tools-for-stm32.11.3.rel1.win32_1.1.0.202305231506/tools/bin/../lib/gcc/arm-none-eabi/11.3.1/thumb/v7e-m/nofp/crti.o
                0x0000000008000bf0                _fini
 .fini          0x0000000008000bf4        0x8 C:/ST/STM32CubeIDE_1.10.1/STM32CubeIDE/plugins/com.st.stm32cube.ide.mcu.externaltools.gnu-tools-for-stm32.11.3.rel1.win32_1.1.0.202305231506/tools/bin/../lib/gcc/arm-none-eabi/11.3.1/thumb/v7e-m/nofp/crtn.o
                0x0000000008000bfc                . = ALIGN (0x4)
                0x0000000008000bfc                _etext = .

.vfp11_veneer   0x0000000008000bfc        0x0
 .vfp11_veneer  0x0000000008000bfc        0x0 linker stubs

.v4_bx          0x0000000008000bfc        0x0
 .v4_bx         0x0000000008000bfc        0x0 linker stubs

.iplt           0x0000000008000bfc        0x0
 .iplt          0x0000000008000bfc        0x0 C:/ST/STM32CubeIDE_1.10.1/STM32CubeIDE/plugins/com.st.stm32cube.ide.mcu.externaltools.gnu-tools-for-stm32.11.3.rel1.win32_1.1.0.202305231506/tools/bin/../lib/gcc/arm-none-eabi/11.3.1/thumb/v7e-m/nofp/crtbegin.o

.rodata         0x0000000008000bfc        0xc
                0x0000000008000bfc                . = ALIGN (0x4)
 *(.rodata)
 .rodata        0x0000000008000bfc        0xc ./Src/006spi_tx_testing.o
 *(.rodata*)
                0x0000000008000c08                . = ALIGN (0x4)

.rel.dyn        0x0000000008000c08        0x0
 .rel.iplt      0x0000000008000c08        0x0 C:/ST/STM32CubeIDE_1.10.1/STM32CubeIDE/plugins/com.st.stm32cube.ide.mcu.externaltools.gnu-tools-for-stm32.11.3.rel1.win32_1.1.0.202305231506/tools/bin/../lib/gcc/arm-none-eabi/11.3.1/thumb/v7e-m/nofp/crtbegin.o

.ARM.extab      0x0000000008000c08        0x0
                0x0000000008000c08                . = ALIGN (0x4)
 *(.ARM.extab* .gnu.linkonce.armextab.*)
                0x0000000008000c08                . = ALIGN (0x4)

.ARM            0x0000000008000c08        0x0
                0x0000000008000c08                . = ALIGN (0x4)
                0x0000000008000c08                __exidx_start = .
 *(.ARM.exidx*)
                0x0000000008000c08                __exidx_end = .
                0x0000000008000c08                . = ALIGN (0x4)

.preinit_array  0x0000000008000c08        0x0
                0x0000000008000c08                . = ALIGN (0x4)
                0x0000000008000c08                PROVIDE (__preinit_array_start = .)
 *(.preinit_array*)
                0x0000000008000c08                PROVIDE (__preinit_array_end = .)
                0x0000000008000c08                . = ALIGN (0x4)

.init_array     0x0000000008000c08        0x4
                0x0000000008000c08                . = ALIGN (0x4)
                0x0000000008000c08                PROVIDE (__init_array_start = .)
 *(SORT_BY_NAME(.init_array.*))
 *(.init_array*)
 .init_array    0x0000000008000c08        0x4 C:/ST/STM32CubeIDE_1.10.1/STM32CubeIDE/plugins/com.st.stm32cube.ide.mcu.externaltools.gnu-tools-for-stm32.11.3.rel1.win32_1.1.0.202305231506/tools/bin/../lib/gcc/arm-none-eabi/11.3.1/thumb/v7e-m/nofp/crtbegin.o
                0x0000000008000c0c                PROVIDE (__init_array_end = .)
                0x0000000008000c0c                . = ALIGN (0x4)

.fini_array     0x0000000008000c0c        0x4
                0x0000000008000c0c                . = ALIGN (0x4)
                [!provide]                        PROVIDE (__fini_array_start = .)
 *(SORT_BY_NAME(.fini_array.*))
 *(.fini_array*)
 .fini_array    0x0000000008000c0c        0x4 C:/ST/STM32CubeIDE_1.10.1/STM32CubeIDE/plugins/com.st.stm32cube.ide.mcu.externaltools.gnu-tools-for-stm32.11.3.rel1.win32_1.1.0.202305231506/tools/bin/../lib/gcc/arm-none-eabi/11.3.1/thumb/v7e-m/nofp/crtbegin.o
                [!provide]                        PROVIDE (__fini_array_end = .)
                0x0000000008000c10                . = ALIGN (0x4)
                0x0000000008000c10                _sidata = LOADADDR (.data)

.data           0x0000000020000000        0x0 load address 0x0000000008000c10
                0x0000000020000000                . = ALIGN (0x4)
                0x0000000020000000                _sdata = .
 *(.data)
 *(.data*)
 *(.RamFunc)
 *(.RamFunc*)
                0x0000000020000000                . = ALIGN (0x4)
                0x0000000020000000                _edata = .

.igot.plt       0x0000000020000000        0x0 load address 0x0000000008000c10
 .igot.plt      0x0000000020000000        0x0 C:/ST/STM32CubeIDE_1.10.1/STM32CubeIDE/plugins/com.st.stm32cube.ide.mcu.externaltools.gnu-tools-for-stm32.11.3.rel1.win32_1.1.0.202305231506/tools/bin/../lib/gcc/arm-none-eabi/11.3.1/thumb/v7e-m/nofp/crtbegin.o
                0x0000000020000000                . = ALIGN (0x4)

.bss            0x0000000020000000       0x1c load address 0x0000000008000c10
                0x0000000020000000                _sbss = .
                0x0000000020000000                __bss_start__ = _sbss
 *(.bss)
 .bss           0x0000000020000000       0x1c C:/ST/STM32CubeIDE_1.10.1/STM32CubeIDE/plugins/com.st.stm32cube.ide.mcu.externaltools.gnu-tools-for-stm32.11.3.rel1.win32_1.1.0.202305231506/tools/bin/../lib/gcc/arm-none-eabi/11.3.1/thumb/v7e-m/nofp/crtbegin.o
 *(.bss*)
 *(COMMON)
                0x000000002000001c                . = ALIGN (0x4)
                0x000000002000001c                _ebss = .
                0x000000002000001c                __bss_end__ = _ebss

._user_heap_stack
                0x000000002000001c      0x604 load address 0x0000000008000c10
                0x0000000020000020                . = ALIGN (0x8)
 *fill*         0x000000002000001c        0x4 
                [!provide]                        PROVIDE (end = .)
                0x0000000020000020                PROVIDE (_end = .)
                0x0000000020000220                . = (. + _Min_Heap_Size)
 *fill*         0x0000000020000020      0x200 
                0x0000000020000620                . = (. + _Min_Stack_Size)
 *fill*         0x0000000020000220      0x400 
                0x0000000020000620                . = ALIGN (0x8)

/DISCARD/
 libc.a(*)
 libm.a(*)
 libgcc.a(*)

.ARM.attributes
                0x0000000000000000       0x2a
 *(.ARM.attributes)
 .ARM.attributes
                0x0000000000000000       0x1e C:/ST/STM32CubeIDE_1.10.1/STM32CubeIDE/plugins/com.st.stm32cube.ide.mcu.externaltools.gnu-tools-for-stm32.11.3.rel1.win32_1.1.0.202305231506/tools/bin/../lib/gcc/arm-none-eabi/11.3.1/thumb/v7e-m/nofp/crti.o
 .ARM.attributes
                0x000000000000001e       0x2e C:/ST/STM32CubeIDE_1.10.1/STM32CubeIDE/plugins/com.st.stm32cube.ide.mcu.externaltools.gnu-tools-for-stm32.11.3.rel1.win32_1.1.0.202305231506/tools/bin/../lib/gcc/arm-none-eabi/11.3.1/thumb/v7e-m/nofp/crtbegin.o
 .ARM.attributes
                0x000000000000004c       0x2e ./Src/006spi_tx_testing.o
 .ARM.attributes
                0x000000000000007a       0x21 ./Startup/startup_stm32f767zitx.o
 .ARM.attributes
                0x000000000000009b       0x2e ./drivers/Src/STM32F767ZI_gpio_driver.o
 .ARM.attributes
                0x00000000000000c9       0x2e ./drivers/Src/STM32F767ZI_spi_driver.o
 .ARM.attributes
                0x00000000000000f7       0x2e C:/ST/STM32CubeIDE_1.10.1/STM32CubeIDE/plugins/com.st.stm32cube.ide.mcu.externaltools.gnu-tools-for-stm32.11.3.rel1.win32_1.1.0.202305231506/tools/bin/../lib/gcc/arm-none-eabi/11.3.1/../../../../arm-none-eabi/lib/thumb/v7e-m/nofp\libc_nano.a(libc_a-init.o)
 .ARM.attributes
                0x0000000000000125       0x17 C:/ST/STM32CubeIDE_1.10.1/STM32CubeIDE/plugins/com.st.stm32cube.ide.mcu.externaltools.gnu-tools-for-stm32.11.3.rel1.win32_1.1.0.202305231506/tools/bin/../lib/gcc/arm-none-eabi/11.3.1/../../../../arm-none-eabi/lib/thumb/v7e-m/nofp\libc_nano.a(libc_a-strlen.o)
 .ARM.attributes
                0x000000000000013c       0x1e C:/ST/STM32CubeIDE_1.10.1/STM32CubeIDE/plugins/com.st.stm32cube.ide.mcu.externaltools.gnu-tools-for-stm32.11.3.rel1.win32_1.1.0.202305231506/tools/bin/../lib/gcc/arm-none-eabi/11.3.1/thumb/v7e-m/nofp/crtn.o
OUTPUT(STM32F767ZI_Driver.elf elf32-littlearm)
LOAD linker stubs
LOAD C:/ST/STM32CubeIDE_1.10.1/STM32CubeIDE/plugins/com.st.stm32cube.ide.mcu.externaltools.gnu-tools-for-stm32.11.3.rel1.win32_1.1.0.202305231506/tools/bin/../lib/gcc/arm-none-eabi/11.3.1/../../../../arm-none-eabi/lib/thumb/v7e-m/nofp\libc.a
LOAD C:/ST/STM32CubeIDE_1.10.1/STM32CubeIDE/plugins/com.st.stm32cube.ide.mcu.externaltools.gnu-tools-for-stm32.11.3.rel1.win32_1.1.0.202305231506/tools/bin/../lib/gcc/arm-none-eabi/11.3.1/../../../../arm-none-eabi/lib/thumb/v7e-m/nofp\libm.a
LOAD C:/ST/STM32CubeIDE_1.10.1/STM32CubeIDE/plugins/com.st.stm32cube.ide.mcu.externaltools.gnu-tools-for-stm32.11.3.rel1.win32_1.1.0.202305231506/tools/bin/../lib/gcc/arm-none-eabi/11.3.1/thumb/v7e-m/nofp\libgcc.a

.comment        0x0000000000000000       0x43
 .comment       0x0000000000000000       0x43 C:/ST/STM32CubeIDE_1.10.1/STM32CubeIDE/plugins/com.st.stm32cube.ide.mcu.externaltools.gnu-tools-for-stm32.11.3.rel1.win32_1.1.0.202305231506/tools/bin/../lib/gcc/arm-none-eabi/11.3.1/thumb/v7e-m/nofp/crtbegin.o
                                         0x44 (size before relaxing)
 .comment       0x0000000000000043       0x44 ./Src/006spi_tx_testing.o
 .comment       0x0000000000000043       0x44 ./drivers/Src/STM32F767ZI_gpio_driver.o
 .comment       0x0000000000000043       0x44 ./drivers/Src/STM32F767ZI_spi_driver.o

.debug_info     0x0000000000000000     0x1062
 .debug_info    0x0000000000000000      0x415 ./Src/006spi_tx_testing.o
 .debug_info    0x0000000000000415       0x23 ./Startup/startup_stm32f767zitx.o
 .debug_info    0x0000000000000438      0x768 ./drivers/Src/STM32F767ZI_gpio_driver.o
 .debug_info    0x0000000000000ba0      0x4c2 ./drivers/Src/STM32F767ZI_spi_driver.o

.debug_abbrev   0x0000000000000000      0x3ee
 .debug_abbrev  0x0000000000000000      0x130 ./Src/006spi_tx_testing.o
 .debug_abbrev  0x0000000000000130       0x12 ./Startup/startup_stm32f767zitx.o
 .debug_abbrev  0x0000000000000142      0x178 ./drivers/Src/STM32F767ZI_gpio_driver.o
 .debug_abbrev  0x00000000000002ba      0x134 ./drivers/Src/STM32F767ZI_spi_driver.o

.debug_aranges  0x0000000000000000      0x108
 .debug_aranges
                0x0000000000000000       0x30 ./Src/006spi_tx_testing.o
 .debug_aranges
                0x0000000000000030       0x28 ./Startup/startup_stm32f767zitx.o
 .debug_aranges
                0x0000000000000058       0x70 ./drivers/Src/STM32F767ZI_gpio_driver.o
 .debug_aranges
                0x00000000000000c8       0x40 ./drivers/Src/STM32F767ZI_spi_driver.o

.debug_rnglists
                0x0000000000000000       0xb8
 .debug_rnglists
                0x0000000000000000       0x1f ./Src/006spi_tx_testing.o
 .debug_rnglists
                0x000000000000001f       0x19 ./Startup/startup_stm32f767zitx.o
 .debug_rnglists
                0x0000000000000038       0x53 ./drivers/Src/STM32F767ZI_gpio_driver.o
 .debug_rnglists
                0x000000000000008b       0x2d ./drivers/Src/STM32F767ZI_spi_driver.o

.debug_macro    0x0000000000000000     0x223d
 .debug_macro   0x0000000000000000      0x163 ./Src/006spi_tx_testing.o
 .debug_macro   0x0000000000000163      0xaa8 ./Src/006spi_tx_testing.o
 .debug_macro   0x0000000000000c0b       0x22 ./Src/006spi_tx_testing.o
 .debug_macro   0x0000000000000c2d       0x8e ./Src/006spi_tx_testing.o
 .debug_macro   0x0000000000000cbb       0x51 ./Src/006spi_tx_testing.o
 .debug_macro   0x0000000000000d0c      0x103 ./Src/006spi_tx_testing.o
 .debug_macro   0x0000000000000e0f       0x6a ./Src/006spi_tx_testing.o
 .debug_macro   0x0000000000000e79      0x1df ./Src/006spi_tx_testing.o
 .debug_macro   0x0000000000001058      0x56b ./Src/006spi_tx_testing.o
 .debug_macro   0x00000000000015c3       0xc4 ./Src/006spi_tx_testing.o
 .debug_macro   0x0000000000001687       0x9a ./Src/006spi_tx_testing.o
 .debug_macro   0x0000000000001721       0x61 ./Src/006spi_tx_testing.o
 .debug_macro   0x0000000000001782       0x24 ./Src/006spi_tx_testing.o
 .debug_macro   0x00000000000017a6       0x43 ./Src/006spi_tx_testing.o
 .debug_macro   0x00000000000017e9       0x34 ./Src/006spi_tx_testing.o
 .debug_macro   0x000000000000181d      0x174 ./Src/006spi_tx_testing.o
 .debug_macro   0x0000000000001991       0x16 ./Src/006spi_tx_testing.o
 .debug_macro   0x00000000000019a7       0x43 ./Src/006spi_tx_testing.o
 .debug_macro   0x00000000000019ea       0x34 ./Src/006spi_tx_testing.o
 .debug_macro   0x0000000000001a1e       0x10 ./Src/006spi_tx_testing.o
 .debug_macro   0x0000000000001a2e       0x58 ./Src/006spi_tx_testing.o
 .debug_macro   0x0000000000001a86       0x8e ./Src/006spi_tx_testing.o
 .debug_macro   0x0000000000001b14       0x1c ./Src/006spi_tx_testing.o
 .debug_macro   0x0000000000001b30      0x177 ./Src/006spi_tx_testing.o
 .debug_macro   0x0000000000001ca7      0x369 ./Src/006spi_tx_testing.o
 .debug_macro   0x0000000000002010       0x10 ./Src/006spi_tx_testing.o
 .debug_macro   0x0000000000002020       0x35 ./Src/006spi_tx_testing.o
 .debug_macro   0x0000000000002055       0x20 ./Src/006spi_tx_testing.o
 .debug_macro   0x0000000000002075       0x9a ./drivers/Src/STM32F767ZI_gpio_driver.o
 .debug_macro   0x000000000000210f       0x94 ./drivers/Src/STM32F767ZI_gpio_driver.o
 .debug_macro   0x00000000000021a3       0x9a ./drivers/Src/STM32F767ZI_spi_driver.o

.debug_line     0x0000000000000000     0x18e9
 .debug_line    0x0000000000000000      0x6c0 ./Src/006spi_tx_testing.o
 .debug_line    0x00000000000006c0       0x7b ./Startup/startup_stm32f767zitx.o
 .debug_line    0x000000000000073b      0xb2d ./drivers/Src/STM32F767ZI_gpio_driver.o
 .debug_line    0x0000000000001268      0x681 ./drivers/Src/STM32F767ZI_spi_driver.o

.debug_str      0x0000000000000000     0x9853
 .debug_str     0x0000000000000000     0x94d5 ./Src/006spi_tx_testing.o
                                       0x96d7 (size before relaxing)
 .debug_str     0x00000000000094d5       0x2f ./Startup/startup_stm32f767zitx.o
                                         0xb1 (size before relaxing)
 .debug_str     0x0000000000009504      0x2d3 ./drivers/Src/STM32F767ZI_gpio_driver.o
                                       0x640d (size before relaxing)
 .debug_str     0x00000000000097d7       0x7c ./drivers/Src/STM32F767ZI_spi_driver.o
                                       0x62d3 (size before relaxing)

.debug_frame    0x0000000000000000      0x33c
 .debug_frame   0x0000000000000000       0x78 ./Src/006spi_tx_testing.o
 .debug_frame   0x0000000000000078      0x1c8 ./drivers/Src/STM32F767ZI_gpio_driver.o
 .debug_frame   0x0000000000000240       0xd0 ./drivers/Src/STM32F767ZI_spi_driver.o
 .debug_frame   0x0000000000000310       0x2c C:/ST/STM32CubeIDE_1.10.1/STM32CubeIDE/plugins/com.st.stm32cube.ide.mcu.externaltools.gnu-tools-for-stm32.11.3.rel1.win32_1.1.0.202305231506/tools/bin/../lib/gcc/arm-none-eabi/11.3.1/../../../../arm-none-eabi/lib/thumb/v7e-m/nofp\libc_nano.a(libc_a-init.o)

.debug_line_str
                0x0000000000000000       0xa5
 .debug_line_str
                0x0000000000000000       0xa5 ./Startup/startup_stm32f767zitx.o
                                         0xbd (size before relaxing)
